<?xml version="1.0" encoding="utf-8"?><testsuites><testsuite name="pytest" errors="0" failures="0" skipped="0" tests="10" time="1.408" timestamp="2022-05-30T16:04:58.950716" hostname="julien-desktop"><testcase classname="geomeffibem.tests.test_geomeffibem" name="test_content" time="0.001" /><testcase classname="geomeffibem.tests.test_surface" name="test_surface_rectangle" time="0.002" /><testcase classname="geomeffibem.tests.test_surface" name="test_surface_roundtrip_openstudio" time="0.003" /><testcase classname="geomeffibem.tests.test_surface" name="test_surface_roundtrip_numpy" time="0.001" /><testcase classname="geomeffibem.tests.test_vertex" name="test_vertex_from_numpy" time="0.001" /><testcase classname="geomeffibem.tests.test_vertex" name="test_vertex_from_list" time="0.001" /><testcase classname="geomeffibem.tests.test_vertex" name="test_vertex_to_numpy" time="0.001" /><testcase classname="geomeffibem.tests.test_vertex" name="test_vertex_from_Point3d" time="0.001" /><testcase classname="geomeffibem.tests.test_vertex" name="test_vertex_to_Point3d" time="0.001" /><testcase classname="geomeffibem.tests.test_vertex" name="test_vertex_equality" time="0.001" /></testsuite></testsuites>
